193:../src/listutils.lua
0 0 0 0 0 10 0 0 110 100 0 20 0 0 24 9 0 9 92 80 95 60 0 0 115 112 104 75 0 96 80 15 6 16 4 120 100 92 80 20 6 12 4 115 100 12 0 15 6 92 80 55 0 0 0 127 104 50 0 8 8 63 46 20 0 30 10 60 50 33 4 25 0 12 12 22 38 20 0 15 27 19 40 25 12 12 27 38 20 0 15 27 19 40 25 84 72 23 6 0 0 117 94 10 0 60 48 23 6 0 0 87 64 10 0 32 24 19 6 0 0 48 34 5 0 8 48 50 10 0 0 10 68 54 5 0 8 48 50 22 0 0 10 68 54 20 0 8 48 50 6 0 8 14 60 50 8 48 50 6 0 8 14 60 54 4 4 14 10 4 10 10 10 10 10 10 10 10 10 10 10 10 10 10 10 10 6 6 6 6 6 6 3 
133:../src/hashutils.lua
0 0 0 0 0 10 0 0 70 60 0 20 0 0 40 0 220 180 0 0 40 10 0 0 80 60 0 0 20 10 0 0 30 0 150 120 60 0 0 0 30 10 0 0 20 20 0 80 60 30 0 30 0 0 0 20 10 0 0 122 92 20 0 0 0 30 10 0 0 110 80 20 0 0 0 30 10 0 0 47 30 10 0 0 0 17 10 0 0 45 28 10 0 0 0 17 10 0 0 10 40 30 0 0 10 10 0 0 10 40 30 0 0 10 10 0 10 10 10 10 10 10 10 10 10 10 10 10 10 10 10 10 10 
